09-27 09:59:51.888 22580-22580/? E/ViewRootImpl: lhf  @@ scheduleConsumeBatchedInput: mConsumeBatchedInputScheduled = true,mPendingInputEventHead = null,mTraversalScheduled=false, this = ViewRoot{271c8b3f com.android.chrome/com.google.android.apps.chrome.Main,ident = 0}
09-27 09:59:51.901 22580-22580/? E/ViewRootImpl: lhf  @@ scheduleConsumeBatchedInput: mConsumeBatchedInputScheduled = true,mPendingInputEventHead = null,mTraversalScheduled=true, this = ViewRoot{271c8b3f com.android.chrome/com.google.android.apps.chrome.Main,ident = 0}
09-27 09:59:52.822 22580-22580/? E/ViewRootImpl: lhf  @@ scheduleConsumeBatchedInput: mConsumeBatchedInputScheduled = true,mPendingInputEventHead = null,mTraversalScheduled=false, this = ViewRoot{271c8b3f com.android.chrome/com.google.android.apps.chrome.Main,ident = 0}
09-27 09:59:52.840 22580-22580/? E/ViewRootImpl: lhf  @@ scheduleConsumeBatchedInput: mConsumeBatchedInputScheduled = true,mPendingInputEventHead = null,mTraversalScheduled=false, this = ViewRoot{271c8b3f com.android.chrome/com.google.android.apps.chrome.Main,ident = 0}
09-27 09:59:55.580 22580-22580/? E/ViewRootImpl: lhf  @@ scheduleConsumeBatchedInput: mConsumeBatchedInputScheduled = true,mPendingInputEventHead = null,mTraversalScheduled=false, this = ViewRoot{271c8b3f com.android.chrome/com.google.android.apps.chrome.Main,ident = 0}
09-27 09:59:55.598 22580-22580/? E/ViewRootImpl: lhf  @@ scheduleConsumeBatchedInput: mConsumeBatchedInputScheduled = true,mPendingInputEventHead = null,mTraversalScheduled=false, this = ViewRoot{271c8b3f com.android.chrome/com.google.android.apps.chrome.Main,ident = 0}
09-27 09:59:56.079 977-1834/? I/ActivityManager: Process com.android.chrome:sandboxed_process0 (pid 22617) has died
09-27 09:59:56.080 977-1834/? W/ActivityManager: Scheduling restart of crashed service com.android.chrome/org.chromium.content.app.SandboxedProcessService0 in 1000ms
09-27 09:59:56.293 22580-22580/? E/ViewRootImpl: lhf  @@ scheduleConsumeBatchedInput: mConsumeBatchedInputScheduled = true,mPendingInputEventHead = null,mTraversalScheduled=false, this = ViewRoot{271c8b3f com.android.chrome/com.google.android.apps.chrome.Main,ident = 0}
09-27 09:59:56.299 22580-22580/? E/ViewRootImpl: lhf  @@ scheduleConsumeBatchedInput: mConsumeBatchedInputScheduled = true,mPendingInputEventHead = null,mTraversalScheduled=true, this = ViewRoot{271c8b3f com.android.chrome/com.google.android.apps.chrome.Main,ident = 0}
09-27 09:59:56.317 22580-22580/? E/ViewRootImpl: lhf  @@ scheduleConsumeBatchedInput: mConsumeBatchedInputScheduled = true,mPendingInputEventHead = null,mTraversalScheduled=false, this = ViewRoot{271c8b3f com.android.chrome/com.google.android.apps.chrome.Main,ident = 0}
09-27 09:59:56.317 22580-22580/? E/ViewRootImpl: lhf  @@ scheduleConsumeBatchedInput: mConsumeBatchedInputScheduled = true,mPendingInputEventHead = null,mTraversalScheduled=true, this = ViewRoot{271c8b3f com.android.chrome/com.google.android.apps.chrome.Main,ident = 0}
09-27 09:59:56.321 22580-22580/? E/ViewRootImpl: lhf  @@ scheduleConsumeBatchedInput: mConsumeBatchedInputScheduled = true,mPendingInputEventHead = null,mTraversalScheduled=true, this = ViewRoot{271c8b3f com.android.chrome/com.google.android.apps.chrome.Main,ident = 0}
09-27 09:59:56.419 977-1834/? W/Interception: isInterceptByRule realCallingPid: 22580 isInterceptAsUsual: true isMatch: true, runType===retrieve_service|||callerPkg===com.android.chrome|||calleePkg===com.google.android.gms|||calleeClass===com.google.android.gms.auth.GetToken|||processName===com.google.android.gms.persistent|||action===*|||data===*|||extras===*|||interception===false
09-27 09:59:56.426 977-1832/? W/Interception: isInterceptByRule realCallingPid: 22580 isInterceptAsUsual: true isMatch: true, runType===retrieve_service|||callerPkg===com.android.chrome|||calleePkg===com.google.android.gms|||calleeClass===com.google.android.gms.chimera.GmsBoundBrokerService|||processName===com.google.android.gms|||action===com.google.android.gms.people.service.START|||data===*|||extras===*|||interception===false
09-27 09:59:56.467 977-1016/? I/ActivityManager: Start proc 29138:com.android.chrome:sandboxed_process5/u0i47 for service com.android.chrome/org.chromium.content.app.SandboxedProcessService5
09-27 09:59:56.613 977-1856/? I/ActivityManager: Start proc 29160:com.android.chrome:sandboxed_process6/u0i48 for service com.android.chrome/org.chromium.content.app.SandboxedProcessService6
09-27 09:59:56.672 29138-29159/? I/cr_LibraryLoader:  Loading chrome from within /data/app/com.android.chrome-2/base.apk
09-27 09:59:56.764 29160-29181/? I/cr_LibraryLoader:  Loading chrome from within /data/app/com.android.chrome-2/base.apk
09-27 09:59:56.794 22580-22580/? E/ViewRootImpl: lhf  @@ scheduleConsumeBatchedInput: mConsumeBatchedInputScheduled = true,mPendingInputEventHead = null,mTraversalScheduled=true, this = ViewRoot{271c8b3f com.android.chrome/com.google.android.apps.chrome.Main,ident = 0}
09-27 10:00:00.413 22580-22580/? E/ViewRootImpl: lhf  @@ scheduleConsumeBatchedInput: mConsumeBatchedInputScheduled = true,mPendingInputEventHead = null,mTraversalScheduled=false, this = ViewRoot{271c8b3f com.android.chrome/com.google.android.apps.chrome.Main,ident = 0}
09-27 10:00:00.431 22580-22580/? E/ViewRootImpl: lhf  @@ scheduleConsumeBatchedInput: mConsumeBatchedInputScheduled = true,mPendingInputEventHead = null,mTraversalScheduled=true, this = ViewRoot{271c8b3f com.android.chrome/com.google.android.apps.chrome.Main,ident = 0}
09-27 10:00:00.496 22580-22580/? E/ViewRootImpl: lhf  @@ scheduleConsumeBatchedInput: mConsumeBatchedInputScheduled = true,mPendingInputEventHead = null,mTraversalScheduled=true, this = ViewRoot{271c8b3f com.android.chrome/com.google.android.apps.chrome.Main,ident = 0}
09-27 10:00:00.566 22580-22580/? E/ViewRootImpl: lhf  @@ scheduleConsumeBatchedInput: mConsumeBatchedInputScheduled = true,mPendingInputEventHead = null,mTraversalScheduled=true, this = ViewRoot{271c8b3f com.android.chrome/com.google.android.apps.chrome.Main,ident = 0}
09-27 10:00:01.936 977-1901/? I/ActivityManager: Process com.android.chrome:sandboxed_process6 (pid 29160) has died
09-27 10:00:01.937 977-1901/? W/ActivityManager: Scheduling restart of crashed service com.android.chrome/org.chromium.content.app.SandboxedProcessService6 in 1000ms
09-27 10:00:02.122 22580-22580/? E/ViewRootImpl: lhf  @@ scheduleConsumeBatchedInput: mConsumeBatchedInputScheduled = true,mPendingInputEventHead = null,mTraversalScheduled=true, this = ViewRoot{271c8b3f com.android.chrome/com.google.android.apps.chrome.Main,ident = 0}
09-27 10:00:04.582 977-1011/? W/Interception: isInterceptByRule realCallingPid: 22580 isInterceptAsUsual: true isMatch: true, runType===retrieve_service|||callerPkg===com.android.chrome|||calleePkg===com.google.android.gms|||calleeClass===com.google.android.gms.icing.service.IndexService|||processName===com.google.android.gms|||action===com.google.android.gms.icing.INDEX_SERVICE|||data===*|||extras===*|||interception===false
09-27 10:00:04.619 25554-25984/? I/Icing: IndexChimeraService.getServiceInterface callingPackage=com.android.chrome componentName=null serviceId=36
09-27 10:00:05.799 25554-16458/? I/Icing: Indexing com.android.chrome-omnibox from com.android.chrome
09-27 10:00:05.907 25554-16458/? I/Icing: Indexing done com.android.chrome-omnibox
09-27 10:00:52.222 22580-22580/? E/ViewRootImpl: lhf  @@ scheduleConsumeBatchedInput: mConsumeBatchedInputScheduled = true,mPendingInputEventHead = null,mTraversalScheduled=true, this = ViewRoot{271c8b3f com.android.chrome/com.google.android.apps.chrome.Main,ident = 0}
09-27 10:01:22.283 977-1741/? W/Interception: isInterceptByRule realCallingPid: 22580 isInterceptAsUsual: true isMatch: true, runType===retrieve_service|||callerPkg===com.android.chrome|||calleePkg===com.google.android.gms|||calleeClass===com.google.android.gms.icing.service.IndexService|||processName===com.google.android.gms|||action===com.google.android.gms.icing.INDEX_SERVICE|||data===*|||extras===*|||interception===false
09-27 10:01:22.312 25554-32733/? I/Icing: IndexChimeraService.getServiceInterface callingPackage=com.android.chrome componentName=null serviceId=36
09-27 10:01:23.448 25554-28285/? I/Icing: Indexing com.android.chrome-omnibox from com.android.chrome
09-27 10:01:23.517 25554-28285/? I/Icing: Indexing done com.android.chrome-omnibox
09-27 10:02:17.874 22580-22580/? E/ViewRootImpl: lhf  @@ scheduleConsumeBatchedInput: mConsumeBatchedInputScheduled = true,mPendingInputEventHead = null,mTraversalScheduled=true, this = ViewRoot{271c8b3f com.android.chrome/com.google.android.apps.chrome.Main,ident = 0}
09-27 10:02:21.660 977-1522/? W/Interception: isInterceptByRule realCallingPid: 22580 isInterceptAsUsual: true isMatch: true, runType===retrieve_service|||callerPkg===com.android.chrome|||calleePkg===com.google.android.gms|||calleeClass===com.google.android.gms.icing.service.AppIndexingService|||processName===com.google.android.gms|||action===com.google.android.gms.icing.APP_INDEXING_SERVICE|||data===*|||extras===*|||interception===false
09-27 10:02:23.016 25554-28285/? I/Icing: Indexing com.android.chrome-internal.3p:WebPage from com.android.chrome
09-27 10:02:23.047 25554-28285/? I/Icing: Indexing done com.android.chrome-internal.3p:WebPage
09-27 10:02:29.984 22580-22580/? E/ViewRootImpl: lhf  @@ scheduleConsumeBatchedInput: mConsumeBatchedInputScheduled = true,mPendingInputEventHead = null,mTraversalScheduled=true, this = ViewRoot{271c8b3f com.android.chrome/com.google.android.apps.chrome.Main,ident = 0}
09-27 10:02:30.013 22580-22580/? E/ViewRootImpl: lhf  @@ scheduleConsumeBatchedInput: mConsumeBatchedInputScheduled = true,mPendingInputEventHead = null,mTraversalScheduled=true, this = ViewRoot{271c8b3f com.android.chrome/com.google.android.apps.chrome.Main,ident = 0}
09-27 10:02:48.129 977-1023/? I/WindowManager: Screen frozen for +190ms due to Window{162c2ab7 u0 com.android.chrome/com.google.android.apps.chrome.Main}
09-27 10:02:48.208 977-1901/? W/Interception: isInterceptByRule realCallingPid: 22580 isInterceptAsUsual: true isMatch: true, runType===retrieve_service|||callerPkg===com.android.chrome|||calleePkg===com.google.android.gms|||calleeClass===com.google.android.gms.icing.service.IndexService|||processName===com.google.android.gms|||action===com.google.android.gms.icing.INDEX_SERVICE|||data===*|||extras===*|||interception===false
09-27 10:02:48.230 25554-25984/? I/Icing: IndexChimeraService.getServiceInterface callingPackage=com.android.chrome componentName=null serviceId=36
09-27 10:02:49.397 25554-28285/? I/Icing: Indexing com.android.chrome-omnibox from com.android.chrome
09-27 10:02:49.459 25554-28285/? I/Icing: Indexing done com.android.chrome-omnibox
09-27 10:02:57.171 22580-22580/? E/ViewRootImpl: lhf  @@ scheduleConsumeBatchedInput: mConsumeBatchedInputScheduled = true,mPendingInputEventHead = null,mTraversalScheduled=true, this = ViewRoot{271c8b3f com.android.chrome/com.google.android.apps.chrome.Main,ident = 0}
09-27 10:02:57.744 977-1023/? I/WindowManager: Screen frozen for +234ms due to Window{162c2ab7 u0 com.android.chrome/com.google.android.apps.chrome.Main}
09-27 10:03:00.857 25554-28285/? I/Icing: Indexing com.android.chrome-internal.3p:WebPage from com.android.chrome
09-27 10:03:00.880 25554-28285/? I/Icing: Indexing done com.android.chrome-internal.3p:WebPage
09-27 10:03:27.234 977-1740/? W/Interception: isInterceptByRule realCallingPid: 22580 isInterceptAsUsual: true isMatch: true, runType===retrieve_service|||callerPkg===com.android.chrome|||calleePkg===com.google.android.gms|||calleeClass===com.google.android.gms.icing.service.IndexService|||processName===com.google.android.gms|||action===com.google.android.gms.icing.INDEX_SERVICE|||data===*|||extras===*|||interception===false
09-27 10:03:27.259 25554-32733/? I/Icing: IndexChimeraService.getServiceInterface callingPackage=com.android.chrome componentName=null serviceId=36
09-27 10:03:28.474 25554-28285/? I/Icing: Indexing com.android.chrome-omnibox from com.android.chrome
09-27 10:03:28.571 25554-28285/? I/Icing: Indexing done com.android.chrome-omnibox
